/tmp/tmphq1396h2/dolfin_expression_60cf532e5150c6417bb22c67ff3ae244.cpp: In member function 'virtual void dolfin::dolfin_expression_60cf532e5150c6417bb22c67ff3ae244::eval(Eigen::Ref<Eigen::Matrix<double, -1, 1> >, Eigen::Ref<const Eigen::Matrix<double, -1, 1> >) const':
/tmp/tmphq1396h2/dolfin_expression_60cf532e5150c6417bb22c67ff3ae244.cpp:61:27: error: 'A' was not declared in this scope
   61 |           values[0] = (({ A | A_{i_{15}, i_{16}} = -1 * ({ A | A_{i_{13}, i_{14}} = I[i_{13}, i_{14}] * f_9 * f_49 })[i_{15}, i_{16}] }) + ({ A | A_{i_9, i_{10}} = (sym(grad(f_48)))[i_9, i_{10}] * 2.0 * f_6 }) + ({ A | A_{i_{11}, i_{12}} = I[i_{11}, i_{12}] * f_7 * (tr(sym(grad(f_48)))) }))[0, 0];
      |                           ^
/tmp/tmphq1396h2/dolfin_expression_60cf532e5150c6417bb22c67ff3ae244.cpp:61:31: error: 'A_' was not declared in this scope
   61 |           values[0] = (({ A | A_{i_{15}, i_{16}} = -1 * ({ A | A_{i_{13}, i_{14}} = I[i_{13}, i_{14}] * f_9 * f_49 })[i_{15}, i_{16}] }) + ({ A | A_{i_9, i_{10}} = (sym(grad(f_48)))[i_9, i_{10}] * 2.0 * f_6 }) + ({ A | A_{i_{11}, i_{12}} = I[i_{11}, i_{12}] * f_7 * (tr(sym(grad(f_48)))) }))[0, 0];
      |                               ^~
/tmp/tmphq1396h2/dolfin_expression_60cf532e5150c6417bb22c67ff3ae244.cpp:61:50: error: expected primary-expression before '=' token
   61 |           values[0] = (({ A | A_{i_{15}, i_{16}} = -1 * ({ A | A_{i_{13}, i_{14}} = I[i_{13}, i_{14}] * f_9 * f_49 })[i_{15}, i_{16}] }) + ({ A | A_{i_9, i_{10}} = (sym(grad(f_48)))[i_9, i_{10}] * 2.0 * f_6 }) + ({ A | A_{i_{11}, i_{12}} = I[i_{11}, i_{12}] * f_7 * (tr(sym(grad(f_48)))) }))[0, 0];
      |                                                  ^
/tmp/tmphq1396h2/dolfin_expression_60cf532e5150c6417bb22c67ff3ae244.cpp:61:83: error: expected primary-expression before '=' token
   61 |           values[0] = (({ A | A_{i_{15}, i_{16}} = -1 * ({ A | A_{i_{13}, i_{14}} = I[i_{13}, i_{14}] * f_9 * f_49 })[i_{15}, i_{16}] }) + ({ A | A_{i_9, i_{10}} = (sym(grad(f_48)))[i_9, i_{10}] * 2.0 * f_6 }) + ({ A | A_{i_{11}, i_{12}} = I[i_{11}, i_{12}] * f_7 * (tr(sym(grad(f_48)))) }))[0, 0];
      |                                                                                   ^
/tmp/tmphq1396h2/dolfin_expression_60cf532e5150c6417bb22c67ff3ae244.cpp:61:85: error: 'I' was not declared in this scope
   61 |           values[0] = (({ A | A_{i_{15}, i_{16}} = -1 * ({ A | A_{i_{13}, i_{14}} = I[i_{13}, i_{14}] * f_9 * f_49 })[i_{15}, i_{16}] }) + ({ A | A_{i_9, i_{10}} = (sym(grad(f_48)))[i_9, i_{10}] * 2.0 * f_6 }) + ({ A | A_{i_{11}, i_{12}} = I[i_{11}, i_{12}] * f_7 * (tr(sym(grad(f_48)))) }))[0, 0];
      |                                                                                     ^
/tmp/tmphq1396h2/dolfin_expression_60cf532e5150c6417bb22c67ff3ae244.cpp:61:87: error: 'i_' was not declared in this scope; did you mean 'id'?
   61 |           values[0] = (({ A | A_{i_{15}, i_{16}} = -1 * ({ A | A_{i_{13}, i_{14}} = I[i_{13}, i_{14}] * f_9 * f_49 })[i_{15}, i_{16}] }) + ({ A | A_{i_9, i_{10}} = (sym(grad(f_48)))[i_9, i_{10}] * 2.0 * f_6 }) + ({ A | A_{i_{11}, i_{12}} = I[i_{11}, i_{12}] * f_7 * (tr(sym(grad(f_48)))) }))[0, 0];
      |                                                                                       ^~
      |                                                                                       id
/tmp/tmphq1396h2/dolfin_expression_60cf532e5150c6417bb22c67ff3ae244.cpp:61:89: error: expected ']' before '{' token
   61 |           values[0] = (({ A | A_{i_{15}, i_{16}} = -1 * ({ A | A_{i_{13}, i_{14}} = I[i_{13}, i_{14}] * f_9 * f_49 })[i_{15}, i_{16}] }) + ({ A | A_{i_9, i_{10}} = (sym(grad(f_48)))[i_9, i_{10}] * 2.0 * f_6 }) + ({ A | A_{i_{11}, i_{12}} = I[i_{11}, i_{12}] * f_7 * (tr(sym(grad(f_48)))) }))[0, 0];
      |                                                                                         ^
/tmp/tmphq1396h2/dolfin_expression_60cf532e5150c6417bb22c67ff3ae244.cpp:61:93: error: expected primary-expression before ',' token
   61 |           values[0] = (({ A | A_{i_{15}, i_{16}} = -1 * ({ A | A_{i_{13}, i_{14}} = I[i_{13}, i_{14}] * f_9 * f_49 })[i_{15}, i_{16}] }) + ({ A | A_{i_9, i_{10}} = (sym(grad(f_48)))[i_9, i_{10}] * 2.0 * f_6 }) + ({ A | A_{i_{11}, i_{12}} = I[i_{11}, i_{12}] * f_7 * (tr(sym(grad(f_48)))) }))[0, 0];
      |                                                                                             ^
/tmp/tmphq1396h2/dolfin_expression_60cf532e5150c6417bb22c67ff3ae244.cpp:61:101: error: expected primary-expression before ']' token
   61 |           values[0] = (({ A | A_{i_{15}, i_{16}} = -1 * ({ A | A_{i_{13}, i_{14}} = I[i_{13}, i_{14}] * f_9 * f_49 })[i_{15}, i_{16}] }) + ({ A | A_{i_9, i_{10}} = (sym(grad(f_48)))[i_9, i_{10}] * 2.0 * f_6 }) + ({ A | A_{i_{11}, i_{12}} = I[i_{11}, i_{12}] * f_7 * (tr(sym(grad(f_48)))) }))[0, 0];
      |                                                                                                     ^
/tmp/tmphq1396h2/dolfin_expression_60cf532e5150c6417bb22c67ff3ae244.cpp:61:119: error: 'i_' was not declared in this scope; did you mean 'id'?
   61 |           values[0] = (({ A | A_{i_{15}, i_{16}} = -1 * ({ A | A_{i_{13}, i_{14}} = I[i_{13}, i_{14}] * f_9 * f_49 })[i_{15}, i_{16}] }) + ({ A | A_{i_9, i_{10}} = (sym(grad(f_48)))[i_9, i_{10}] * 2.0 * f_6 }) + ({ A | A_{i_{11}, i_{12}} = I[i_{11}, i_{12}] * f_7 * (tr(sym(grad(f_48)))) }))[0, 0];
      |                                                                                                                       ^~
      |                                                                                                                       id
/tmp/tmphq1396h2/dolfin_expression_60cf532e5150c6417bb22c67ff3ae244.cpp:61:121: error: expected ']' before '{' token
   61 |           values[0] = (({ A | A_{i_{15}, i_{16}} = -1 * ({ A | A_{i_{13}, i_{14}} = I[i_{13}, i_{14}] * f_9 * f_49 })[i_{15}, i_{16}] }) + ({ A | A_{i_9, i_{10}} = (sym(grad(f_48)))[i_9, i_{10}] * 2.0 * f_6 }) + ({ A | A_{i_{11}, i_{12}} = I[i_{11}, i_{12}] * f_7 * (tr(sym(grad(f_48)))) }))[0, 0];
      |                                                                                                                         ^
/tmp/tmphq1396h2/dolfin_expression_60cf532e5150c6417bb22c67ff3ae244.cpp:61:125: error: expected primary-expression before ',' token
   61 |           values[0] = (({ A | A_{i_{15}, i_{16}} = -1 * ({ A | A_{i_{13}, i_{14}} = I[i_{13}, i_{14}] * f_9 * f_49 })[i_{15}, i_{16}] }) + ({ A | A_{i_9, i_{10}} = (sym(grad(f_48)))[i_9, i_{10}] * 2.0 * f_6 }) + ({ A | A_{i_{11}, i_{12}} = I[i_{11}, i_{12}] * f_7 * (tr(sym(grad(f_48)))) }))[0, 0];
      |                                                                                                                             ^
/tmp/tmphq1396h2/dolfin_expression_60cf532e5150c6417bb22c67ff3ae244.cpp:61:133: error: expected primary-expression before ']' token
   61 |           values[0] = (({ A | A_{i_{15}, i_{16}} = -1 * ({ A | A_{i_{13}, i_{14}} = I[i_{13}, i_{14}] * f_9 * f_49 })[i_{15}, i_{16}] }) + ({ A | A_{i_9, i_{10}} = (sym(grad(f_48)))[i_9, i_{10}] * 2.0 * f_6 }) + ({ A | A_{i_{11}, i_{12}} = I[i_{11}, i_{12}] * f_7 * (tr(sym(grad(f_48)))) }))[0, 0];
      |                                                                                                                                     ^
/tmp/tmphq1396h2/dolfin_expression_60cf532e5150c6417bb22c67ff3ae244.cpp:61:143: error: 'A' was not declared in this scope
   61 |           values[0] = (({ A | A_{i_{15}, i_{16}} = -1 * ({ A | A_{i_{13}, i_{14}} = I[i_{13}, i_{14}] * f_9 * f_49 })[i_{15}, i_{16}] }) + ({ A | A_{i_9, i_{10}} = (sym(grad(f_48)))[i_9, i_{10}] * 2.0 * f_6 }) + ({ A | A_{i_{11}, i_{12}} = I[i_{11}, i_{12}] * f_7 * (tr(sym(grad(f_48)))) }))[0, 0];
      |                                                                                                                                               ^
/tmp/tmphq1396h2/dolfin_expression_60cf532e5150c6417bb22c67ff3ae244.cpp:61:147: error: 'A_' was not declared in this scope
   61 |           values[0] = (({ A | A_{i_{15}, i_{16}} = -1 * ({ A | A_{i_{13}, i_{14}} = I[i_{13}, i_{14}] * f_9 * f_49 })[i_{15}, i_{16}] }) + ({ A | A_{i_9, i_{10}} = (sym(grad(f_48)))[i_9, i_{10}] * 2.0 * f_6 }) + ({ A | A_{i_{11}, i_{12}} = I[i_{11}, i_{12}] * f_7 * (tr(sym(grad(f_48)))) }))[0, 0];
      |                                                                                                                                                   ^~
/tmp/tmphq1396h2/dolfin_expression_60cf532e5150c6417bb22c67ff3ae244.cpp:61:163: error: expected primary-expression before '=' token
   61 |           values[0] = (({ A | A_{i_{15}, i_{16}} = -1 * ({ A | A_{i_{13}, i_{14}} = I[i_{13}, i_{14}] * f_9 * f_49 })[i_{15}, i_{16}] }) + ({ A | A_{i_9, i_{10}} = (sym(grad(f_48)))[i_9, i_{10}] * 2.0 * f_6 }) + ({ A | A_{i_{11}, i_{12}} = I[i_{11}, i_{12}] * f_7 * (tr(sym(grad(f_48)))) }))[0, 0];
      |                                                                                                                                                                   ^
/tmp/tmphq1396h2/dolfin_expression_60cf532e5150c6417bb22c67ff3ae244.cpp:61:175: error: 'f_48' was not declared in this scope
   61 |           values[0] = (({ A | A_{i_{15}, i_{16}} = -1 * ({ A | A_{i_{13}, i_{14}} = I[i_{13}, i_{14}] * f_9 * f_49 })[i_{15}, i_{16}] }) + ({ A | A_{i_9, i_{10}} = (sym(grad(f_48)))[i_9, i_{10}] * 2.0 * f_6 }) + ({ A | A_{i_{11}, i_{12}} = I[i_{11}, i_{12}] * f_7 * (tr(sym(grad(f_48)))) }))[0, 0];
      |                                                                                                                                                                               ^~~~
/tmp/tmphq1396h2/dolfin_expression_60cf532e5150c6417bb22c67ff3ae244.cpp:61:170: error: 'grad' was not declared in this scope
   61 |           values[0] = (({ A | A_{i_{15}, i_{16}} = -1 * ({ A | A_{i_{13}, i_{14}} = I[i_{13}, i_{14}] * f_9 * f_49 })[i_{15}, i_{16}] }) + ({ A | A_{i_9, i_{10}} = (sym(grad(f_48)))[i_9, i_{10}] * 2.0 * f_6 }) + ({ A | A_{i_{11}, i_{12}} = I[i_{11}, i_{12}] * f_7 * (tr(sym(grad(f_48)))) }))[0, 0];
      |                                                                                                                                                                          ^~~~
/tmp/tmphq1396h2/dolfin_expression_60cf532e5150c6417bb22c67ff3ae244.cpp:61:166: error: 'sym' was not declared in this scope
   61 |           values[0] = (({ A | A_{i_{15}, i_{16}} = -1 * ({ A | A_{i_{13}, i_{14}} = I[i_{13}, i_{14}] * f_9 * f_49 })[i_{15}, i_{16}] }) + ({ A | A_{i_9, i_{10}} = (sym(grad(f_48)))[i_9, i_{10}] * 2.0 * f_6 }) + ({ A | A_{i_{11}, i_{12}} = I[i_{11}, i_{12}] * f_7 * (tr(sym(grad(f_48)))) }))[0, 0];
      |                                                                                                                                                                      ^~~
/tmp/tmphq1396h2/dolfin_expression_60cf532e5150c6417bb22c67ff3ae244.cpp:61:183: error: 'i_9' was not declared in this scope
   61 |           values[0] = (({ A | A_{i_{15}, i_{16}} = -1 * ({ A | A_{i_{13}, i_{14}} = I[i_{13}, i_{14}] * f_9 * f_49 })[i_{15}, i_{16}] }) + ({ A | A_{i_9, i_{10}} = (sym(grad(f_48)))[i_9, i_{10}] * 2.0 * f_6 }) + ({ A | A_{i_{11}, i_{12}} = I[i_{11}, i_{12}] * f_7 * (tr(sym(grad(f_48)))) }))[0, 0];
      |                                                                                                                                                                                       ^~~
/tmp/tmphq1396h2/dolfin_expression_60cf532e5150c6417bb22c67ff3ae244.cpp:61:188: error: 'i_' was not declared in this scope; did you mean 'id'?
   61 |           values[0] = (({ A | A_{i_{15}, i_{16}} = -1 * ({ A | A_{i_{13}, i_{14}} = I[i_{13}, i_{14}] * f_9 * f_49 })[i_{15}, i_{16}] }) + ({ A | A_{i_9, i_{10}} = (sym(grad(f_48)))[i_9, i_{10}] * 2.0 * f_6 }) + ({ A | A_{i_{11}, i_{12}} = I[i_{11}, i_{12}] * f_7 * (tr(sym(grad(f_48)))) }))[0, 0];
      |                                                                                                                                                                                            ^~
      |                                                                                                                                                                                            id
/tmp/tmphq1396h2/dolfin_expression_60cf532e5150c6417bb22c67ff3ae244.cpp:61:190: error: expected ']' before '{' token
   61 |           values[0] = (({ A | A_{i_{15}, i_{16}} = -1 * ({ A | A_{i_{13}, i_{14}} = I[i_{13}, i_{14}] * f_9 * f_49 })[i_{15}, i_{16}] }) + ({ A | A_{i_9, i_{10}} = (sym(grad(f_48)))[i_9, i_{10}] * 2.0 * f_6 }) + ({ A | A_{i_{11}, i_{12}} = I[i_{11}, i_{12}] * f_7 * (tr(sym(grad(f_48)))) }))[0, 0];
      |                                                                                                                                                                                              ^
/tmp/tmphq1396h2/dolfin_expression_60cf532e5150c6417bb22c67ff3ae244.cpp:61:194: error: expected primary-expression before ']' token
   61 |           values[0] = (({ A | A_{i_{15}, i_{16}} = -1 * ({ A | A_{i_{13}, i_{14}} = I[i_{13}, i_{14}] * f_9 * f_49 })[i_{15}, i_{16}] }) + ({ A | A_{i_9, i_{10}} = (sym(grad(f_48)))[i_9, i_{10}] * 2.0 * f_6 }) + ({ A | A_{i_{11}, i_{12}} = I[i_{11}, i_{12}] * f_7 * (tr(sym(grad(f_48)))) }))[0, 0];
      |                                                                                                                                                                                                  ^
/tmp/tmphq1396h2/dolfin_expression_60cf532e5150c6417bb22c67ff3ae244.cpp:61:138: error: invalid operands of types 'void' and 'void' to binary 'operator+'
   61 |           values[0] = (({ A | A_{i_{15}, i_{16}} = -1 * ({ A | A_{i_{13}, i_{14}} = I[i_{13}, i_{14}] * f_9 * f_49 })[i_{15}, i_{16}] }) + ({ A | A_{i_9, i_{10}} = (sym(grad(f_48)))[i_9, i_{10}] * 2.0 * f_6 }) + ({ A | A_{i_{11}, i_{12}} = I[i_{11}, i_{12}] * f_7 * (tr(sym(grad(f_48)))) }))[0, 0];
      |                        ~~~~~~~~~~~~~~~~~~~~~~~~~~~~~~~~~~~~~~~~~~~~~~~~~~~~~~~~~~~~~~~~~~~~~~~~~~~~~~~~~~~~~~~~~~~~~~~~~~~~~~~~~~~~~~~~~ ^ ~~~~~~~~~~~~~~~~~~~~~~~~~~~~~~~~~~~~~~~~~~~~~~~~~~~~~~~~~~~~~~~~~~~~~~
      |                        |                                                                                                                   |
      |                        void                                                                                                                void
/tmp/tmphq1396h2/dolfin_expression_60cf532e5150c6417bb22c67ff3ae244.cpp:61:216: error: 'A' was not declared in this scope
   61 |           values[0] = (({ A | A_{i_{15}, i_{16}} = -1 * ({ A | A_{i_{13}, i_{14}} = I[i_{13}, i_{14}] * f_9 * f_49 })[i_{15}, i_{16}] }) + ({ A | A_{i_9, i_{10}} = (sym(grad(f_48)))[i_9, i_{10}] * 2.0 * f_6 }) + ({ A | A_{i_{11}, i_{12}} = I[i_{11}, i_{12}] * f_7 * (tr(sym(grad(f_48)))) }))[0, 0];
      |                                                                                                                                                                                                                        ^
/tmp/tmphq1396h2/dolfin_expression_60cf532e5150c6417bb22c67ff3ae244.cpp:61:220: error: 'A_' was not declared in this scope
   61 |           values[0] = (({ A | A_{i_{15}, i_{16}} = -1 * ({ A | A_{i_{13}, i_{14}} = I[i_{13}, i_{14}] * f_9 * f_49 })[i_{15}, i_{16}] }) + ({ A | A_{i_9, i_{10}} = (sym(grad(f_48)))[i_9, i_{10}] * 2.0 * f_6 }) + ({ A | A_{i_{11}, i_{12}} = I[i_{11}, i_{12}] * f_7 * (tr(sym(grad(f_48)))) }))[0, 0];
      |                                                                                                                                                                                                                            ^~
/tmp/tmphq1396h2/dolfin_expression_60cf532e5150c6417bb22c67ff3ae244.cpp:61:239: error: expected primary-expression before '=' token
   61 |           values[0] = (({ A | A_{i_{15}, i_{16}} = -1 * ({ A | A_{i_{13}, i_{14}} = I[i_{13}, i_{14}] * f_9 * f_49 })[i_{15}, i_{16}] }) + ({ A | A_{i_9, i_{10}} = (sym(grad(f_48)))[i_9, i_{10}] * 2.0 * f_6 }) + ({ A | A_{i_{11}, i_{12}} = I[i_{11}, i_{12}] * f_7 * (tr(sym(grad(f_48)))) }))[0, 0];
      |                                                                                                                                                                                                                                               ^
/tmp/tmphq1396h2/dolfin_expression_60cf532e5150c6417bb22c67ff3ae244.cpp:61:241: error: 'I' was not declared in this scope
   61 |           values[0] = (({ A | A_{i_{15}, i_{16}} = -1 * ({ A | A_{i_{13}, i_{14}} = I[i_{13}, i_{14}] * f_9 * f_49 })[i_{15}, i_{16}] }) + ({ A | A_{i_9, i_{10}} = (sym(grad(f_48)))[i_9, i_{10}] * 2.0 * f_6 }) + ({ A | A_{i_{11}, i_{12}} = I[i_{11}, i_{12}] * f_7 * (tr(sym(grad(f_48)))) }))[0, 0];
      |                                                                                                                                                                                                                                                 ^
/tmp/tmphq1396h2/dolfin_expression_60cf532e5150c6417bb22c67ff3ae244.cpp:61:243: error: 'i_' was not declared in this scope; did you mean 'id'?
   61 |           values[0] = (({ A | A_{i_{15}, i_{16}} = -1 * ({ A | A_{i_{13}, i_{14}} = I[i_{13}, i_{14}] * f_9 * f_49 })[i_{15}, i_{16}] }) + ({ A | A_{i_9, i_{10}} = (sym(grad(f_48)))[i_9, i_{10}] * 2.0 * f_6 }) + ({ A | A_{i_{11}, i_{12}} = I[i_{11}, i_{12}] * f_7 * (tr(sym(grad(f_48)))) }))[0, 0];
      |                                                                                                                                                                                                                                                   ^~
      |                                                                                                                                                                                                                                                   id
/tmp/tmphq1396h2/dolfin_expression_60cf532e5150c6417bb22c67ff3ae244.cpp:61:245: error: expected ']' before '{' token
   61 |           values[0] = (({ A | A_{i_{15}, i_{16}} = -1 * ({ A | A_{i_{13}, i_{14}} = I[i_{13}, i_{14}] * f_9 * f_49 })[i_{15}, i_{16}] }) + ({ A | A_{i_9, i_{10}} = (sym(grad(f_48)))[i_9, i_{10}] * 2.0 * f_6 }) + ({ A | A_{i_{11}, i_{12}} = I[i_{11}, i_{12}] * f_7 * (tr(sym(grad(f_48)))) }))[0, 0];
      |                                                                                                                                                                                                                                                     ^
/tmp/tmphq1396h2/dolfin_expression_60cf532e5150c6417bb22c67ff3ae244.cpp:61:249: error: expected primary-expression before ',' token
   61 |           values[0] = (({ A | A_{i_{15}, i_{16}} = -1 * ({ A | A_{i_{13}, i_{14}} = I[i_{13}, i_{14}] * f_9 * f_49 })[i_{15}, i_{16}] }) + ({ A | A_{i_9, i_{10}} = (sym(grad(f_48)))[i_9, i_{10}] * 2.0 * f_6 }) + ({ A | A_{i_{11}, i_{12}} = I[i_{11}, i_{12}] * f_7 * (tr(sym(grad(f_48)))) }))[0, 0];
      |                                                                                                                                                                                                                                                         ^
/tmp/tmphq1396h2/dolfin_expression_60cf532e5150c6417bb22c67ff3ae244.cpp:61:257: error: expected primary-expression before ']' token
   61 |           values[0] = (({ A | A_{i_{15}, i_{16}} = -1 * ({ A | A_{i_{13}, i_{14}} = I[i_{13}, i_{14}] * f_9 * f_49 })[i_{15}, i_{16}] }) + ({ A | A_{i_9, i_{10}} = (sym(grad(f_48)))[i_9, i_{10}] * 2.0 * f_6 }) + ({ A | A_{i_{11}, i_{12}} = I[i_{11}, i_{12}] * f_7 * (tr(sym(grad(f_48)))) }))[0, 0];
      |                                                                                                                                                                                                                                                                 ^
/tmp/tmphq1396h2/dolfin_expression_60cf532e5150c6417bb22c67ff3ae244.cpp:61:293: warning: left operand of comma operator has no effect [-Wunused-value]
   61 |           values[0] = (({ A | A_{i_{15}, i_{16}} = -1 * ({ A | A_{i_{13}, i_{14}} = I[i_{13}, i_{14}] * f_9 * f_49 })[i_{15}, i_{16}] }) + ({ A | A_{i_9, i_{10}} = (sym(grad(f_48)))[i_9, i_{10}] * 2.0 * f_6 }) + ({ A | A_{i_{11}, i_{12}} = I[i_{11}, i_{12}] * f_7 * (tr(sym(grad(f_48)))) }))[0, 0];
      |                                                                                                                                                                                                                                                                                                     ^
/tmp/tmphq1396h2/dolfin_expression_60cf532e5150c6417bb22c67ff3ae244.cpp:62:27: error: 'A' was not declared in this scope
   62 |           values[1] = (({ A | A_{i_{15}, i_{16}} = -1 * ({ A | A_{i_{13}, i_{14}} = I[i_{13}, i_{14}] * f_9 * f_49 })[i_{15}, i_{16}] }) + ({ A | A_{i_9, i_{10}} = (sym(grad(f_48)))[i_9, i_{10}] * 2.0 * f_6 }) + ({ A | A_{i_{11}, i_{12}} = I[i_{11}, i_{12}] * f_7 * (tr(sym(grad(f_48)))) }))[0, 1];
      |                           ^
/tmp/tmphq1396h2/dolfin_expression_60cf532e5150c6417bb22c67ff3ae244.cpp:62:31: error: 'A_' was not declared in this scope
   62 |           values[1] = (({ A | A_{i_{15}, i_{16}} = -1 * ({ A | A_{i_{13}, i_{14}} = I[i_{13}, i_{14}] * f_9 * f_49 })[i_{15}, i_{16}] }) + ({ A | A_{i_9, i_{10}} = (sym(grad(f_48)))[i_9, i_{10}] * 2.0 * f_6 }) + ({ A | A_{i_{11}, i_{12}} = I[i_{11}, i_{12}] * f_7 * (tr(sym(grad(f_48)))) }))[0, 1];
      |                               ^~
/tmp/tmphq1396h2/dolfin_expression_60cf532e5150c6417bb22c67ff3ae244.cpp:62:50: error: expected primary-expression before '=' token
   62 |           values[1] = (({ A | A_{i_{15}, i_{16}} = -1 * ({ A | A_{i_{13}, i_{14}} = I[i_{13}, i_{14}] * f_9 * f_49 })[i_{15}, i_{16}] }) + ({ A | A_{i_9, i_{10}} = (sym(grad(f_48)))[i_9, i_{10}] * 2.0 * f_6 }) + ({ A | A_{i_{11}, i_{12}} = I[i_{11}, i_{12}] * f_7 * (tr(sym(grad(f_48)))) }))[0, 1];
      |                                                  ^
/tmp/tmphq1396h2/dolfin_expression_60cf532e5150c6417bb22c67ff3ae244.cpp:62:83: error: expected primary-expression before '=' token
   62 |           values[1] = (({ A | A_{i_{15}, i_{16}} = -1 * ({ A | A_{i_{13}, i_{14}} = I[i_{13}, i_{14}] * f_9 * f_49 })[i_{15}, i_{16}] }) + ({ A | A_{i_9, i_{10}} = (sym(grad(f_48)))[i_9, i_{10}] * 2.0 * f_6 }) + ({ A | A_{i_{11}, i_{12}} = I[i_{11}, i_{12}] * f_7 * (tr(sym(grad(f_48)))) }))[0, 1];
      |                                                                                   ^
/tmp/tmphq1396h2/dolfin_expression_60cf532e5150c6417bb22c67ff3ae244.cpp:62:85: error: 'I' was not declared in this scope
   62 |           values[1] = (({ A | A_{i_{15}, i_{16}} = -1 * ({ A | A_{i_{13}, i_{14}} = I[i_{13}, i_{14}] * f_9 * f_49 })[i_{15}, i_{16}] }) + ({ A | A_{i_9, i_{10}} = (sym(grad(f_48)))[i_9, i_{10}] * 2.0 * f_6 }) + ({ A | A_{i_{11}, i_{12}} = I[i_{11}, i_{12}] * f_7 * (tr(sym(grad(f_48)))) }))[0, 1];
      |                                                                                     ^
/tmp/tmphq1396h2/dolfin_expression_60cf532e5150c6417bb22c67ff3ae244.cpp:62:87: error: 'i_' was not declared in this scope; did you mean 'id'?
   62 |           values[1] = (({ A | A_{i_{15}, i_{16}} = -1 * ({ A | A_{i_{13}, i_{14}} = I[i_{13}, i_{14}] * f_9 * f_49 })[i_{15}, i_{16}] }) + ({ A | A_{i_9, i_{10}} = (sym(grad(f_48)))[i_9, i_{10}] * 2.0 * f_6 }) + ({ A | A_{i_{11}, i_{12}} = I[i_{11}, i_{12}] * f_7 * (tr(sym(grad(f_48)))) }))[0, 1];
      |                                                                                       ^~
      |                                                                                       id
/tmp/tmphq1396h2/dolfin_expression_60cf532e5150c6417bb22c67ff3ae244.cpp:62:89: error: expected ']' before '{' token
   62 |           values[1] = (({ A | A_{i_{15}, i_{16}} = -1 * ({ A | A_{i_{13}, i_{14}} = I[i_{13}, i_{14}] * f_9 * f_49 })[i_{15}, i_{16}] }) + ({ A | A_{i_9, i_{10}} = (sym(grad(f_48)))[i_9, i_{10}] * 2.0 * f_6 }) + ({ A | A_{i_{11}, i_{12}} = I[i_{11}, i_{12}] * f_7 * (tr(sym(grad(f_48)))) }))[0, 1];
      |                                                                                         ^
/tmp/tmphq1396h2/dolfin_expression_60cf532e5150c6417bb22c67ff3ae244.cpp:62:93: error: expected primary-expression before ',' token
   62 |           values[1] = (({ A | A_{i_{15}, i_{16}} = -1 * ({ A | A_{i_{13}, i_{14}} = I[i_{13}, i_{14}] * f_9 * f_49 })[i_{15}, i_{16}] }) + ({ A | A_{i_9, i_{10}} = (sym(grad(f_48)))[i_9, i_{10}] * 2.0 * f_6 }) + ({ A | A_{i_{11}, i_{12}} = I[i_{11}, i_{12}] * f_7 * (tr(sym(grad(f_48)))) }))[0, 1];
      |                                                                                             ^
/tmp/tmphq1396h2/dolfin_expression_60cf532e5150c6417bb22c67ff3ae244.cpp:62:101: error: expected primary-expression before ']' token
   62 |           values[1] = (({ A | A_{i_{15}, i_{16}} = -1 * ({ A | A_{i_{13}, i_{14}} = I[i_{13}, i_{14}] * f_9 * f_49 })[i_{15}, i_{16}] }) + ({ A | A_{i_9, i_{10}} = (sym(grad(f_48)))[i_9, i_{10}] * 2.0 * f_6 }) + ({ A | A_{i_{11}, i_{12}} = I[i_{11}, i_{12}] * f_7 * (tr(sym(grad(f_48)))) }))[0, 1];
      |                                                                                                     ^
/tmp/tmphq1396h2/dolfin_expression_60cf532e5150c6417bb22c67ff3ae244.cpp:62:119: error: 'i_' was not declared in this scope; did you mean 'id'?
   62 |           values[1] = (({ A | A_{i_{15}, i_{16}} = -1 * ({ A | A_{i_{13}, i_{14}} = I[i_{13}, i_{14}] * f_9 * f_49 })[i_{15}, i_{16}] }) + ({ A | A_{i_9, i_{10}} = (sym(grad(f_48)))[i_9, i_{10}] * 2.0 * f_6 }) + ({ A | A_{i_{11}, i_{12}} = I[i_{11}, i_{12}] * f_7 * (tr(sym(grad(f_48)))) }))[0, 1];
      |                                                                                                                       ^~
      |                                                                                                                       id
/tmp/tmphq1396h2/dolfin_expression_60cf532e5150c6417bb22c67ff3ae244.cpp:62:121: error: expected ']' before '{' token
   62 |           values[1] = (({ A | A_{i_{15}, i_{16}} = -1 * ({ A | A_{i_{13}, i_{14}} = I[i_{13}, i_{14}] * f_9 * f_49 })[i_{15}, i_{16}] }) + ({ A | A_{i_9, i_{10}} = (sym(grad(f_48)))[i_9, i_{10}] * 2.0 * f_6 }) + ({ A | A_{i_{11}, i_{12}} = I[i_{11}, i_{12}] * f_7 * (tr(sym(grad(f_48)))) }))[0, 1];
      |                                                                                                                         ^
/tmp/tmphq1396h2/dolfin_expression_60cf532e5150c6417bb22c67ff3ae244.cpp:62:125: error: expected primary-expression before ',' token
   62 |           values[1] = (({ A | A_{i_{15}, i_{16}} = -1 * ({ A | A_{i_{13}, i_{14}} = I[i_{13}, i_{14}] * f_9 * f_49 })[i_{15}, i_{16}] }) + ({ A | A_{i_9, i_{10}} = (sym(grad(f_48)))[i_9, i_{10}] * 2.0 * f_6 }) + ({ A | A_{i_{11}, i_{12}} = I[i_{11}, i_{12}] * f_7 * (tr(sym(grad(f_48)))) }))[0, 1];
      |                                                                                                                             ^
/tmp/tmphq1396h2/dolfin_expression_60cf532e5150c6417bb22c67ff3ae244.cpp:62:133: error: expected primary-expression before ']' token
   62 |           values[1] = (({ A | A_{i_{15}, i_{16}} = -1 * ({ A | A_{i_{13}, i_{14}} = I[i_{13}, i_{14}] * f_9 * f_49 })[i_{15}, i_{16}] }) + ({ A | A_{i_9, i_{10}} = (sym(grad(f_48)))[i_9, i_{10}] * 2.0 * f_6 }) + ({ A | A_{i_{11}, i_{12}} = I[i_{11}, i_{12}] * f_7 * (tr(sym(grad(f_48)))) }))[0, 1];
      |                                                                                                                                     ^
/tmp/tmphq1396h2/dolfin_expression_60cf532e5150c6417bb22c67ff3ae244.cpp:62:143: error: 'A' was not declared in this scope
   62 |           values[1] = (({ A | A_{i_{15}, i_{16}} = -1 * ({ A | A_{i_{13}, i_{14}} = I[i_{13}, i_{14}] * f_9 * f_49 })[i_{15}, i_{16}] }) + ({ A | A_{i_9, i_{10}} = (sym(grad(f_48)))[i_9, i_{10}] * 2.0 * f_6 }) + ({ A | A_{i_{11}, i_{12}} = I[i_{11}, i_{12}] * f_7 * (tr(sym(grad(f_48)))) }))[0, 1];
      |                                                                                                                                               ^
/tmp/tmphq1396h2/dolfin_expression_60cf532e5150c6417bb22c67ff3ae244.cpp:62:147: error: 'A_' was not declared in this scope
   62 |           values[1] = (({ A | A_{i_{15}, i_{16}} = -1 * ({ A | A_{i_{13}, i_{14}} = I[i_{13}, i_{14}] * f_9 * f_49 })[i_{15}, i_{16}] }) + ({ A | A_{i_9, i_{10}} = (sym(grad(f_48)))[i_9, i_{10}] * 2.0 * f_6 }) + ({ A | A_{i_{11}, i_{12}} = I[i_{11}, i_{12}] * f_7 * (tr(sym(grad(f_48)))) }))[0, 1];
      |                                                                                                                                                   ^~
/tmp/tmphq1396h2/dolfin_expression_60cf532e5150c6417bb22c67ff3ae244.cpp:62:163: error: expected primary-expression before '=' token
   62 |           values[1] = (({ A | A_{i_{15}, i_{16}} = -1 * ({ A | A_{i_{13}, i_{14}} = I[i_{13}, i_{14}] * f_9 * f_49 })[i_{15}, i_{16}] }) + ({ A | A_{i_9, i_{10}} = (sym(grad(f_48)))[i_9, i_{10}] * 2.0 * f_6 }) + ({ A | A_{i_{11}, i_{12}} = I[i_{11}, i_{12}] * f_7 * (tr(sym(grad(f_48)))) }))[0, 1];
      |                                                                                                                                                                   ^
/tmp/tmphq1396h2/dolfin_expression_60cf532e5150c6417bb22c67ff3ae244.cpp:62:175: error: 'f_48' was not declared in this scope
   62 |           values[1] = (({ A | A_{i_{15}, i_{16}} = -1 * ({ A | A_{i_{13}, i_{14}} = I[i_{13}, i_{14}] * f_9 * f_49 })[i_{15}, i_{16}] }) + ({ A | A_{i_9, i_{10}} = (sym(grad(f_48)))[i_9, i_{10}] * 2.0 * f_6 }) + ({ A | A_{i_{11}, i_{12}} = I[i_{11}, i_{12}] * f_7 * (tr(sym(grad(f_48)))) }))[0, 1];
      |                                                                                                                                                                               ^~~~
/tmp/tmphq1396h2/dolfin_expression_60cf532e5150c6417bb22c67ff3ae244.cpp:62:170: error: 'grad' was not declared in this scope
   62 |           values[1] = (({ A | A_{i_{15}, i_{16}} = -1 * ({ A | A_{i_{13}, i_{14}} = I[i_{13}, i_{14}] * f_9 * f_49 })[i_{15}, i_{16}] }) + ({ A | A_{i_9, i_{10}} = (sym(grad(f_48)))[i_9, i_{10}] * 2.0 * f_6 }) + ({ A | A_{i_{11}, i_{12}} = I[i_{11}, i_{12}] * f_7 * (tr(sym(grad(f_48)))) }))[0, 1];
      |                                                                                                                                                                          ^~~~
/tmp/tmphq1396h2/dolfin_expression_60cf532e5150c6417bb22c67ff3ae244.cpp:62:166: error: 'sym' was not declared in this scope
   62 |           values[1] = (({ A | A_{i_{15}, i_{16}} = -1 * ({ A | A_{i_{13}, i_{14}} = I[i_{13}, i_{14}] * f_9 * f_49 })[i_{15}, i_{16}] }) + ({ A | A_{i_9, i_{10}} = (sym(grad(f_48)))[i_9, i_{10}] * 2.0 * f_6 }) + ({ A | A_{i_{11}, i_{12}} = I[i_{11}, i_{12}] * f_7 * (tr(sym(grad(f_48)))) }))[0, 1];
      |                                                                                                                                                                      ^~~
/tmp/tmphq1396h2/dolfin_expression_60cf532e5150c6417bb22c67ff3ae244.cpp:62:183: error: 'i_9' was not declared in this scope
   62 |           values[1] = (({ A | A_{i_{15}, i_{16}} = -1 * ({ A | A_{i_{13}, i_{14}} = I[i_{13}, i_{14}] * f_9 * f_49 })[i_{15}, i_{16}] }) + ({ A | A_{i_9, i_{10}} = (sym(grad(f_48)))[i_9, i_{10}] * 2.0 * f_6 }) + ({ A | A_{i_{11}, i_{12}} = I[i_{11}, i_{12}] * f_7 * (tr(sym(grad(f_48)))) }))[0, 1];
      |                                                                                                                                                                                       ^~~
/tmp/tmphq1396h2/dolfin_expression_60cf532e5150c6417bb22c67ff3ae244.cpp:62:188: error: 'i_' was not declared in this scope; did you mean 'id'?
   62 |           values[1] = (({ A | A_{i_{15}, i_{16}} = -1 * ({ A | A_{i_{13}, i_{14}} = I[i_{13}, i_{14}] * f_9 * f_49 })[i_{15}, i_{16}] }) + ({ A | A_{i_9, i_{10}} = (sym(grad(f_48)))[i_9, i_{10}] * 2.0 * f_6 }) + ({ A | A_{i_{11}, i_{12}} = I[i_{11}, i_{12}] * f_7 * (tr(sym(grad(f_48)))) }))[0, 1];
      |                                                                                                                                                                                            ^~
      |                                                                                                                                                                                            id
/tmp/tmphq1396h2/dolfin_expression_60cf532e5150c6417bb22c67ff3ae244.cpp:62:190: error: expected ']' before '{' token
   62 |           values[1] = (({ A | A_{i_{15}, i_{16}} = -1 * ({ A | A_{i_{13}, i_{14}} = I[i_{13}, i_{14}] * f_9 * f_49 })[i_{15}, i_{16}] }) + ({ A | A_{i_9, i_{10}} = (sym(grad(f_48)))[i_9, i_{10}] * 2.0 * f_6 }) + ({ A | A_{i_{11}, i_{12}} = I[i_{11}, i_{12}] * f_7 * (tr(sym(grad(f_48)))) }))[0, 1];
      |                                                                                                                                                                                              ^
/tmp/tmphq1396h2/dolfin_expression_60cf532e5150c6417bb22c67ff3ae244.cpp:62:194: error: expected primary-expression before ']' token
   62 |           values[1] = (({ A | A_{i_{15}, i_{16}} = -1 * ({ A | A_{i_{13}, i_{14}} = I[i_{13}, i_{14}] * f_9 * f_49 })[i_{15}, i_{16}] }) + ({ A | A_{i_9, i_{10}} = (sym(grad(f_48)))[i_9, i_{10}] * 2.0 * f_6 }) + ({ A | A_{i_{11}, i_{12}} = I[i_{11}, i_{12}] * f_7 * (tr(sym(grad(f_48)))) }))[0, 1];
      |                                                                                                                                                                                                  ^
/tmp/tmphq1396h2/dolfin_expression_60cf532e5150c6417bb22c67ff3ae244.cpp:62:138: error: invalid operands of types 'void' and 'void' to binary 'operator+'
   62 |           values[1] = (({ A | A_{i_{15}, i_{16}} = -1 * ({ A | A_{i_{13}, i_{14}} = I[i_{13}, i_{14}] * f_9 * f_49 })[i_{15}, i_{16}] }) + ({ A | A_{i_9, i_{10}} = (sym(grad(f_48)))[i_9, i_{10}] * 2.0 * f_6 }) + ({ A | A_{i_{11}, i_{12}} = I[i_{11}, i_{12}] * f_7 * (tr(sym(grad(f_48)))) }))[0, 1];
      |                        ~~~~~~~~~~~~~~~~~~~~~~~~~~~~~~~~~~~~~~~~~~~~~~~~~~~~~~~~~~~~~~~~~~~~~~~~~~~~~~~~~~~~~~~~~~~~~~~~~~~~~~~~~~~~~~~~~ ^ ~~~~~~~~~~~~~~~~~~~~~~~~~~~~~~~~~~~~~~~~~~~~~~~~~~~~~~~~~~~~~~~~~~~~~~
      |                        |                                                                                                                   |
      |                        void                                                                                                                void
/tmp/tmphq1396h2/dolfin_expression_60cf532e5150c6417bb22c67ff3ae244.cpp:62:216: error: 'A' was not declared in this scope
   62 |           values[1] = (({ A | A_{i_{15}, i_{16}} = -1 * ({ A | A_{i_{13}, i_{14}} = I[i_{13}, i_{14}] * f_9 * f_49 })[i_{15}, i_{16}] }) + ({ A | A_{i_9, i_{10}} = (sym(grad(f_48)))[i_9, i_{10}] * 2.0 * f_6 }) + ({ A | A_{i_{11}, i_{12}} = I[i_{11}, i_{12}] * f_7 * (tr(sym(grad(f_48)))) }))[0, 1];
      |                                                                                                                                                                                                                        ^
/tmp/tmphq1396h2/dolfin_expression_60cf532e5150c6417bb22c67ff3ae244.cpp:62:220: error: 'A_' was not declared in this scope
   62 |           values[1] = (({ A | A_{i_{15}, i_{16}} = -1 * ({ A | A_{i_{13}, i_{14}} = I[i_{13}, i_{14}] * f_9 * f_49 })[i_{15}, i_{16}] }) + ({ A | A_{i_9, i_{10}} = (sym(grad(f_48)))[i_9, i_{10}] * 2.0 * f_6 }) + ({ A | A_{i_{11}, i_{12}} = I[i_{11}, i_{12}] * f_7 * (tr(sym(grad(f_48)))) }))[0, 1];
      |                                                                                                                                                                                                                            ^~
/tmp/tmphq1396h2/dolfin_expression_60cf532e5150c6417bb22c67ff3ae244.cpp:62:239: error: expected primary-expression before '=' token
   62 |           values[1] = (({ A | A_{i_{15}, i_{16}} = -1 * ({ A | A_{i_{13}, i_{14}} = I[i_{13}, i_{14}] * f_9 * f_49 })[i_{15}, i_{16}] }) + ({ A | A_{i_9, i_{10}} = (sym(grad(f_48)))[i_9, i_{10}] * 2.0 * f_6 }) + ({ A | A_{i_{11}, i_{12}} = I[i_{11}, i_{12}] * f_7 * (tr(sym(grad(f_48)))) }))[0, 1];
      |                                                                                                                                                                                                                                               ^
/tmp/tmphq1396h2/dolfin_expression_60cf532e5150c6417bb22c67ff3ae244.cpp:62:241: error: 'I' was not declared in this scope
   62 |           values[1] = (({ A | A_{i_{15}, i_{16}} = -1 * ({ A | A_{i_{13}, i_{14}} = I[i_{13}, i_{14}] * f_9 * f_49 })[i_{15}, i_{16}] }) + ({ A | A_{i_9, i_{10}} = (sym(grad(f_48)))[i_9, i_{10}] * 2.0 * f_6 }) + ({ A | A_{i_{11}, i_{12}} = I[i_{11}, i_{12}] * f_7 * (tr(sym(grad(f_48)))) }))[0, 1];
      |                                                                                                                                                                                                                                                 ^
/tmp/tmphq1396h2/dolfin_expression_60cf532e5150c6417bb22c67ff3ae244.cpp:62:243: error: 'i_' was not declared in this scope; did you mean 'id'?
   62 |           values[1] = (({ A | A_{i_{15}, i_{16}} = -1 * ({ A | A_{i_{13}, i_{14}} = I[i_{13}, i_{14}] * f_9 * f_49 })[i_{15}, i_{16}] }) + ({ A | A_{i_9, i_{10}} = (sym(grad(f_48)))[i_9, i_{10}] * 2.0 * f_6 }) + ({ A | A_{i_{11}, i_{12}} = I[i_{11}, i_{12}] * f_7 * (tr(sym(grad(f_48)))) }))[0, 1];
      |                                                                                                                                                                                                                                                   ^~
      |                                                                                                                                                                                                                                                   id
/tmp/tmphq1396h2/dolfin_expression_60cf532e5150c6417bb22c67ff3ae244.cpp:62:245: error: expected ']' before '{' token
   62 |           values[1] = (({ A | A_{i_{15}, i_{16}} = -1 * ({ A | A_{i_{13}, i_{14}} = I[i_{13}, i_{14}] * f_9 * f_49 })[i_{15}, i_{16}] }) + ({ A | A_{i_9, i_{10}} = (sym(grad(f_48)))[i_9, i_{10}] * 2.0 * f_6 }) + ({ A | A_{i_{11}, i_{12}} = I[i_{11}, i_{12}] * f_7 * (tr(sym(grad(f_48)))) }))[0, 1];
      |                                                                                                                                                                                                                                                     ^
/tmp/tmphq1396h2/dolfin_expression_60cf532e5150c6417bb22c67ff3ae244.cpp:62:249: error: expected primary-expression before ',' token
   62 |           values[1] = (({ A | A_{i_{15}, i_{16}} = -1 * ({ A | A_{i_{13}, i_{14}} = I[i_{13}, i_{14}] * f_9 * f_49 })[i_{15}, i_{16}] }) + ({ A | A_{i_9, i_{10}} = (sym(grad(f_48)))[i_9, i_{10}] * 2.0 * f_6 }) + ({ A | A_{i_{11}, i_{12}} = I[i_{11}, i_{12}] * f_7 * (tr(sym(grad(f_48)))) }))[0, 1];
      |                                                                                                                                                                                                                                                         ^
/tmp/tmphq1396h2/dolfin_expression_60cf532e5150c6417bb22c67ff3ae244.cpp:62:257: error: expected primary-expression before ']' token
   62 |           values[1] = (({ A | A_{i_{15}, i_{16}} = -1 * ({ A | A_{i_{13}, i_{14}} = I[i_{13}, i_{14}] * f_9 * f_49 })[i_{15}, i_{16}] }) + ({ A | A_{i_9, i_{10}} = (sym(grad(f_48)))[i_9, i_{10}] * 2.0 * f_6 }) + ({ A | A_{i_{11}, i_{12}} = I[i_{11}, i_{12}] * f_7 * (tr(sym(grad(f_48)))) }))[0, 1];
      |                                                                                                                                                                                                                                                                 ^
/tmp/tmphq1396h2/dolfin_expression_60cf532e5150c6417bb22c67ff3ae244.cpp:62:293: warning: left operand of comma operator has no effect [-Wunused-value]
   62 |           values[1] = (({ A | A_{i_{15}, i_{16}} = -1 * ({ A | A_{i_{13}, i_{14}} = I[i_{13}, i_{14}] * f_9 * f_49 })[i_{15}, i_{16}] }) + ({ A | A_{i_9, i_{10}} = (sym(grad(f_48)))[i_9, i_{10}] * 2.0 * f_6 }) + ({ A | A_{i_{11}, i_{12}} = I[i_{11}, i_{12}] * f_7 * (tr(sym(grad(f_48)))) }))[0, 1];
      |                                                                                                                                                                                                                                                                                                     ^
